- |+
  0: at line 1, in Tag:
  floo r0 r1 into r2;
  ^

  1: at line 1, in Alt:
  floo r0 r1 into r2;
  ^

- |+
  0: at line 1, in Tag:
  add s0 r1 into r3;
  ^

  1: at line 1, in Alt:
  add s0 r1 into r3;
  ^

- |+
  0: at line 1, in Tag:
  hash.bhp2048 r0 into r1 as field;
  ^

  1: at line 1, in Alt:
  hash.bhp2048 r0 into r1 as field;
  ^

- |+
  0: at line 1, in Tag:
  hash.pds2 r0 into r1 as field;
  ^

  1: at line 1, in Alt:
  hash.pds2 r0 into r1 as field;
  ^

- |+
  0: at line 1, in Tag:
  commit.ped128 r0 r1 into r2;
  ^

  1: at line 1, in Alt:
  commit.ped128 r0 r1 into r2;
  ^

- |+
  0: at line 1, in Tag:
  add_w r0 r1 into r2;
  ^

  1: at line 1, in Alt:
  add_w r0 r1 into r2;
  ^

- |+
  0: at line 1, in Tag:
  assert r0;
  ^

  1: at line 1, in Alt:
  assert r0;
  ^

- |+
  0: at line 1, in Tag:
  neg r0 into 3field;
  ^

  1: at line 1, in Alt:
  neg r0 into 3field;
  ^

- |+
  0: at line 1, in Tag:
  sign.verify sign069ju4e8s66unu25celqycvsv3k9chdyz4n4sy62tx6wxj0u25vqp58hgu9hwyqc63qzxvjwesf2wz0krcvvw9kd9x0rsk4lwqn2acqhp9v0pdkhx6gvkanuuwratqmxa3du7l43c05253hhed9eg6ppzzfnjt06fpzp6msekdjxd36smjltndmxjndvv9x2uecsgngcwsc2qkns4afd r1 r2 into r3;
  ^

  1: at line 1, in Alt:
  sign.verify sign069ju4e8s66unu25celqycvsv3k9chdyz4n4sy62tx6wxj0u25vqp58hgu9hwyqc63qzxvjwesf2wz0krcvvw9kd9x0rsk4lwqn2acqhp9v0pdkhx6gvkanuuwratqmxa3du7l43c05253hhed9eg6ppzzfnjt06fpzp6msekdjxd36smjltndmxjndvv9x2uecsgngcwsc2qkns4afd r1 r2 into r3;
  ^

- |+
  0: at line 1, in Tag:
  call f into;
  ^

  1: at line 1, in Alt:
  call f into;
  ^

- |+
  0: at line 1, in Tag:
  call f r0 into;
  ^

  1: at line 1, in Alt:
  call f r0 into;
  ^

- |+
  0: at line 1, in Tag:
  call f r1 r6 into;
  ^

  1: at line 1, in Alt:
  call f r1 r6 into;
  ^

