[3391016607955159188494742785693894407703396172877985401872356626185919929338field]