[4587914577213306280455467737993341290400893111023120819629843090129619724088field, 8072832694646151405032767688502810031325187031498995074380436791541180036523field]