[6516444898561626455585533293791858966233852674579121717978849779725431415191field]