[3391016607955159188494742785693894407703396172877985401872356626185919929338field, 4169938242544541145993451630655692488440341565073189375955567826918225475681field, 4914921175932628583204572621327614605054541047971167328517707100795016856048field, 5661497421184105622306219350673754854854319903270942498616039477972966530492field, 1798259123107667580613002315789340402669420898124408374037561170277528522581field, 6528203755763944507227113636475296842230028767981600519012871669276631757198field, 1425159608543543337096775559717354416280359669124135847553552016927025828727field, 2805489256686828224063466873631957693208333808929760007785246871407558036404field, 3494257574594473714444260493482077621286257646273083213787166973404341254371field]