[1370773116404421539888881648821194629032979299946048429076387284005101684675]