errors: []
outputs:
- - 15i8
- - -110i8
- - 0i8
- - 10i8
- - -40i8
- - -86i8
- - 30000i16
- - -30000i16
- - -10000i16
- - 10000i16
- - 25536i16
- - 30000000i32
- - -30000000i32
- - -10000000i32
- - 10000000i32
- - -294967296i32
- - 30000000000000i64
- - -30000000000000i64
- - -10000000000000i64
- - 10000000000000i64
- - -1446744073709551616i64
- - 30000000000000000000000i128
- - -30000000000000000000000i128
- - -10000000000000000000000i128
- - 10000000000000000000000i128
- - -170141183460469231731687303715884105728i128
- - 15u8
- - 220u8
- - 0u8
- - 64u8
- - 30000u16
- - 50000u16
- - 14464u16
- - 30000000u32
- - 4000000000u32
- - 705032704u32
- - 30000000000000u64
- - 17000000000000000000u64
- - 553255926290448384u64
- - 30000000000000000000000u128
- - 300000000000000000000000000000000000000u128
- - 59717633079061536536625392568231788544u128
