errors: []
outputs:
- - 1field
  - 0field
- - 5553594316923449299484601589326170487897520766531075014687114064346375156608field
  - 2field
- - 1064956955367144483385244531748777790159696896394258785204077602206508995425field
  - 2902463913005404324678892643487481612488503143396302200992447476060219252377field
