[7151368218058075136557703485595100918887432562555117957168257459924289309763field, 7156225247123338297572952163689550905562858152515363699579710489276082711052field, 1801305077909831239241704893751346484528176212782731340475396060766403044852field, 1020385789585437309933956366691111095424176914688680638359937818258411076910field, 7985073086282326564696958588564719325462622257727500961682675009363780310437field]