[6516444898561626455585533293791858966233852674579121717978849779725431415191field, 6908975510979537798352569257442454123158330052761373410114113950327474344006field, 5227702471481733054699082360203344076324467680474069834118360526007541296720field, 7925009327879591482372194821507934149710610513231653560847394205094942548469field, 4985571589232136853559817912896773791426933996136377439818612321553193827329field, 461985617151153694821470293032887441690559353781138988098811987971506534387field, 5734863858470956557988124849441572567721997074741059202956916595988538922131field, 6643741372396109378206478434757281354515456389494501737408150076081377682334field, 916356330034354094033040001690447396196846234034891456218451111563579984318field]