[4587914577213306280455467737993341290400893111023120819629843090129619724088field]