[899427253760258826025249588042541839988334215336061347773077910082845390723field, 503561115646299067063955586120690249776489473146280008655239237219398347232field, 3827021101133396716068943266798311285401903417853078562666289665225263213614field]