Failed to parse string. Remaining invalid string is: "finalize compute:
    position foo;
    position foo;
"