[4673035637825817609038514733539555185313791666023633961663352080665830654830]