[933733638681902971366883597456330506627704278683959399109999726127624278648, 7947296799800775327938262145036085767367577952489561846300684316471048325151, 8176130403051036805322877644409334453960127468352705414400032728890307490770, 5293646087166314550396669280693657348525010171132836292657477953889791440762, 1017533960330977198489010150209043019823770300269993490247775365070135840728, 2783725643841415972258916807028115119948972517827640317602871550090805347963, 7202233301823961678307742025185118099147661745129382512601596116723880574374, 5076886880640969957858142016058402322744384536569632576216277412366587960628, 6605262539492338232398777962765365067895332240339858256906130348143342626367]