[933733638681902971366883597456330506627704278683959399109999726127624278648]