[4279584560477210713023970575732522132434692961136747331673569106086039299375, 3965763877153148687449584462993253924211027254606230286935643976466200120397, 7240671433722103824491608881637333890005170118647835742606626066924682664827, 3607265131089000109637196415559026947607701308910632766858099958002342486806, 7723408784363028481191359067646900846640894944457204961741696292685002028972]