[6068408066915293657264401119560973726194360294357411947968289901480418498532, 5720333804955862159915025165406215764453790027348168318214671377687941771236, 5713372940522018309059858544613748621781831246573796208892014206247282154713, 6323145914886998456400995540628314171220983594868887153770182922868527110896, 4974425682739400323858936603927432392718367820756759541589601792586513095950]