[[6093452032963406658309134825240609333033222270199073508119142384975416392638, 5968273173562867837210008744966745230923761158428968101807573098840850097286, 1100466639266852149977689148055725793531897994956807001704693611715839541982], [3160983601532844171864802850648492289862147997874094785600836495095965353712, 2338351297827692414112631814274572996809824929139580588221558887342663769892, 3177005087903404343485399282920555615020488967881372266904325860698809358885], [2285176219817854683696635383059984246218458246545520061123961933072089703485, 84377861777946561525373172505381054389617879929776365352216307785104476701, 8280884008678095605415834125731826663585461281789631237939546251146561093166]]