[899427253760258826025249588042541839988334215336061347773077910082845390723]