[7151368218058075136557703485595100918887432562555117957168257459924289309763]