[2655364132514649035068525799955455923253244125188165529447998910004855565330, 940830545821983543467746289909525373110375625338029884685827815783349457164]