[6068408066915293657264401119560973726194360294357411947968289901480418498532, 5720333804955862159915025165406215764453790027348168318214671377687941771236, 5713372940522018309059858544613748621781831246573796208892014206247282154713]