[2655364132514649035068525799955455923253244125188165529447998910004855565330]