Failed to parse string. Remaining invalid string is: "finalize compute:
    position foo;
    branch.eq true true to foo;
"