errors: []
outputs:
- - 0i8
- - 1i8
- - 10i8
- - 100i8
- - 127i8
- - 1i8
- - 10i8
- - 100i8
- - 127i8
- - -128i8
- - 0i16
- - 1i16
- - 1000i16
- - 10000i16
- - 32767i16
- - 1i16
- - 1000i16
- - 10000i16
- - 32767i16
- - -32768i16
- - 0i32
- - 1i32
- - 1000i32
- - 10000000i32
- - 2147483647i32
- - 1i32
- - 1000i32
- - 10000000i32
- - 2147483647i32
- - 2147483647i32
- - 0i64
- - 1i64
- - 1000i64
- - 10000000000i64
- - 2147483647i64
- - 1i64
- - 1000i64
- - 10000000000i64
- - 9223372036854775807i64
- - -9223372036854775808i64
- - 0i128
- - 1i128
- - 1000i128
- - 10000000000000000000000000000i128
- - 2147483647i128
- - 1i128
- - 1000i128
- - 10000000000000000000000000000i128
- - 170141183460469231731687303715884105727i128
- - -170141183460469231731687303715884105728i128
