errors: []
outputs:
- verified: true
  execute:
    hello.aleo/hello:
      outputs:
      - '{"type":"private","id":"6254379462913920094060616443827416926361791013133233839133894947200598009041field","value":"ciphertext1qyqpmnatnq3sjej6qves695qtxu5r6lqnfnx8ck87ce3pez28x90qzgzeh4qh"}'
  speculate: the execution was accepted
  add_next_block: succeeded.
- verified: true
  execute:
    hello.aleo/hello:
      outputs:
      - '{"type":"private","id":"4161183151518570414349285932182760288961689691043823886807644299644687930091field","value":"ciphertext1qyqreg8a27jzsgm7m5umh98nr9nwyxhkv3aus5htm6vepdkr67zh5zqc4uzpd"}'
  speculate: the execution was accepted
  add_next_block: succeeded.
- verified: true
  execute:
    hello.aleo/goodbye:
      outputs:
      - '{"type":"public","id":"5242826180235740795678885917758843199455932502638973701040836238216490364326field","value":"1u32"}'
      - '{"type":"future","id":"5032744372214352919665806641360511690042524830912111693095233654380228978511field","value":"{\n  program_id: hello.aleo,\n  function_name: goodbye,\n  arguments: [\n    1u32,\n    1u32\n  ]\n}"}'
  speculate: the execution was accepted
  add_next_block: succeeded.
- verified: true
  execute:
    hello.aleo/goodbye:
      outputs:
      - '{"type":"public","id":"5954748469306089505201665920330448486455515953532955699388262149494774760375field","value":"1u32"}'
      - '{"type":"future","id":"4063241715105271542572794266017703704121932214929814829482077839560118863776field","value":"{\n  program_id: hello.aleo,\n  function_name: goodbye,\n  arguments: [\n    0u32,\n    1u32\n  ]\n}"}'
  speculate: the execution was rejected
  add_next_block: succeeded.
additional:
- child_outputs:
    credits.aleo/fee_public:
      outputs:
      - '{"type":"future","id":"5633762070565015506869877991983247311752566772551740661334199093127666173285field","value":"{\n  program_id: credits.aleo,\n  function_name: fee_public,\n  arguments: [\n    aleo10knkelvnd55fsaarm25wch7p9suf2tqlgwy5k4nxwms6d262xyfqm2tccr,\n    1285u64\n  ]\n}"}'
- child_outputs:
    credits.aleo/fee_public:
      outputs:
      - '{"type":"future","id":"4168535226825329132770722118865464284070271653060849404506023921600553004505field","value":"{\n  program_id: credits.aleo,\n  function_name: fee_public,\n  arguments: [\n    aleo10knkelvnd55fsaarm25wch7p9suf2tqlgwy5k4nxwms6d262xyfqm2tccr,\n    1285u64\n  ]\n}"}'
- child_outputs:
    credits.aleo/fee_public:
      outputs:
      - '{"type":"future","id":"7264507997475302694771209211625280132862970630053323876707987175500028146955field","value":"{\n  program_id: credits.aleo,\n  function_name: fee_public,\n  arguments: [\n    aleo10knkelvnd55fsaarm25wch7p9suf2tqlgwy5k4nxwms6d262xyfqm2tccr,\n    5334u64\n  ]\n}"}'
- child_outputs:
    credits.aleo/fee_public:
      outputs:
      - '{"type":"future","id":"2296589459402270097535149680764663519350069575816165257148428557434644368237field","value":"{\n  program_id: credits.aleo,\n  function_name: fee_public,\n  arguments: [\n    aleo10knkelvnd55fsaarm25wch7p9suf2tqlgwy5k4nxwms6d262xyfqm2tccr,\n    5334u64\n  ]\n}"}'
