errors: []
outputs:
- verified: true
  execute:
    public_wallet.aleo/init:
      outputs:
      - '{"type":"future","id":"2740109864087873652477151933781698204925175410187376817867987810696050546048field","value":"{\n  program_id: public_wallet.aleo,\n  function_name: init,\n  arguments: [\n    {\n      program_id: token.aleo,\n      function_name: mint_public,\n      arguments: [\n        aleo1sry3pke49ykrf0aeshf889tr98r4c86p5f4ms766795ssdwfdyqq9jdg0j,\n        10u64\n      ]\n    }\n  \n  ]\n}"}'
  speculate: the execution was accepted
  add_next_block: succeeded.
additional:
- child_outputs:
    token.aleo/mint_public:
      outputs:
      - '{"type":"future","id":"3040250960739602137216192760697867018750676343790464348994684811613512872895field","value":"{\n  program_id: token.aleo,\n  function_name: mint_public,\n  arguments: [\n    aleo1sry3pke49ykrf0aeshf889tr98r4c86p5f4ms766795ssdwfdyqq9jdg0j,\n    10u64\n  ]\n}"}'
    credits.aleo/fee_public:
      outputs:
      - '{"type":"future","id":"4373249435479943424484888940718424132561120812144078253060284512525421799293field","value":"{\n  program_id: credits.aleo,\n  function_name: fee_public,\n  arguments: [\n    aleo1d3e2je2m2hsxwdsvntvf4jnnlj459ywfry6ch2qwrpy6l6r6yvpq8e88h5,\n    131201u64\n  ]\n}"}'
