errors:
- 'Failed to run `VM::deploy for program relay.aleo: Mapping ''foo'' in ''registry.aleo'' is not defined.'
outputs: []
