errors: []
outputs:
- verified: true
  execute:
    unused_position.aleo/foo:
      outputs:
      - '{"type":"future","id":"4435915382452600913825742955271157728527943603774006701552876898718102875463field","value":"{\n  program_id: unused_position.aleo,\n  function_name: foo,\n  arguments: []\n}"}'
  speculate: the execution was accepted
  add_next_block: succeeded.
additional:
- child_outputs:
    credits.aleo/fee_public:
      outputs:
      - '{"type":"future","id":"5889749875317192883762347751185109427367185401929794748301981981444845203330field","value":"{\n  program_id: credits.aleo,\n  function_name: fee_public,\n  arguments: [\n    aleo12tksdptp7hvxly8tkm3um08fvf53qpehsgdgqfvy9pe3sewcq5ysjg5myy,\n    2176u64\n  ]\n}"}'
