[4279584560477210713023970575732522132434692961136747331673569106086039299375]