[2655364132514649035068525799955455923253244125188165529447998910004855565330, 940830545821983543467746289909525373110375625338029884685827815783349457164, 7636964271104978478420936389163914937845562133041091507437441729931461164516, 7135711812921542947080638621553241909595615668887491520806623388954845642695, 5871033410764079275732351048694541870231374206443710974123432228297460127853, 6961183036624202918386611372104837225554183089750709768892668136148215207271, 88334527225074584589297848110440035160304567795282701215505364313136084808, 2796916956222701035554289360788707420642950990813901719863950747477715193818, 3283625283078564931164208034962429465132656160851031309837785570747511655227]