[6516444898561626455585533293791858966233852674579121717978849779725431415191, 6908975510979537798352569257442454123158330052761373410114113950327474344006, 5227702471481733054699082360203344076324467680474069834118360526007541296720]