errors:
- 'Failed to run `VM::deploy for program parent.aleo: Function ''parent.aleo/foo'' must contain a finalize block, since it calls ''child.aleo/foo''.'
outputs: []
