errors: []
outputs:
- verified: true
  execute:
    test_branch.aleo/run_test:
      outputs:
      - '{"type":"future","id":"6853588955800014673009987953241306389090845327747907984198222141108269232573field","value":"{\n  program_id: test_branch.aleo,\n  function_name: run_test,\n  arguments: [\n    1u8,\n    1u8\n  ]\n}"}'
  speculate: the execution was rejected
  add_next_block: succeeded.
- verified: true
  execute:
    test_branch.aleo/run_test:
      outputs:
      - '{"type":"future","id":"7316910653703512796159979382480893246542312648132879967453276886284034879075field","value":"{\n  program_id: test_branch.aleo,\n  function_name: run_test,\n  arguments: [\n    0u8,\n    1u8\n  ]\n}"}'
  speculate: the execution was rejected
  add_next_block: succeeded.
- verified: true
  execute:
    test_branch.aleo/run_test:
      outputs:
      - '{"type":"future","id":"6402417637041760480107523094357167265585878714433227566435547816691472198663field","value":"{\n  program_id: test_branch.aleo,\n  function_name: run_test,\n  arguments: [\n    0u8,\n    0u8\n  ]\n}"}'
  speculate: the execution was accepted
  add_next_block: succeeded.
additional:
- child_outputs:
    credits.aleo/fee_public:
      outputs:
      - '{"type":"future","id":"8176559465483810586872674176090912007328770812617215482809916166686904238834field","value":"{\n  program_id: credits.aleo,\n  function_name: fee_public,\n  arguments: [\n    aleo1x3r205zqql5ywy0cqqt74k0r0htuusn0d037ycxe8ftt9ep8hyzsmqz4dh,\n    17268u64\n  ]\n}"}'
- child_outputs:
    credits.aleo/fee_public:
      outputs:
      - '{"type":"future","id":"885516194992930770292437059317184478627651975125735363573325083543887608918field","value":"{\n  program_id: credits.aleo,\n  function_name: fee_public,\n  arguments: [\n    aleo1x3r205zqql5ywy0cqqt74k0r0htuusn0d037ycxe8ftt9ep8hyzsmqz4dh,\n    17268u64\n  ]\n}"}'
- child_outputs:
    credits.aleo/fee_public:
      outputs:
      - '{"type":"future","id":"6884773732489674095657820682011451719106395760464004244662697484163781295818field","value":"{\n  program_id: credits.aleo,\n  function_name: fee_public,\n  arguments: [\n    aleo1x3r205zqql5ywy0cqqt74k0r0htuusn0d037ycxe8ftt9ep8hyzsmqz4dh,\n    17268u64\n  ]\n}"}'
