errors: []
outputs:
- verified: true
  execute:
    child.aleo/foo:
      outputs:
      - '{"type":"public","id":"389051587023874025297792889573178986947322645231926608183742711950919559411field","value":"aleo1qr2ha4pfs5l28aze88yn6fhleeythklkczrule2v838uwj65n5gqxt9djx"}'
      - '{"type":"public","id":"764027935495423951991221261588244508770271800988614802602832277026356994499field","value":"aleo1qr2ha4pfs5l28aze88yn6fhleeythklkczrule2v838uwj65n5gqxt9djx"}'
  speculate: the execution was accepted
  add_next_block: succeeded.
- execute: 'Failed to evaluate instruction (call child.aleo/foo into r0 r1;): Failed to evaluate instruction (assert.eq self.caller self.signer ;): ''assert.eq'' failed: ''aleo16w8t56s7v6ud7vu33fr388ph0dq0c7yhp597cyjt88rr3nultcyqcyk9yy'' is not equal to ''aleo1qr2ha4pfs5l28aze88yn6fhleeythklkczrule2v838uwj65n5gqxt9djx'' (should be equal)'
additional:
- child_outputs:
    credits.aleo/fee_public:
      outputs:
      - '{"type":"future","id":"6557860754730668406004469054379794576334242764827542178306889009454484547032field","value":"{\n  program_id: credits.aleo,\n  function_name: fee_public,\n  arguments: [\n    aleo1qr2ha4pfs5l28aze88yn6fhleeythklkczrule2v838uwj65n5gqxt9djx,\n    1244u64\n  ]\n}"}'
- {}
